02:26:27 **** Build of project nnTest_bsp ****
make -k all 
"Running Make include in ps7_cortexa9_0/libsrc/axidma_v9_7/src"
make -C ps7_cortexa9_0/libsrc/axidma_v9_7/src -s include  "SHELL=CMD" "COMPILER=arm-none-eabi-gcc" "ARCHIVER=arm-none-eabi-ar" "COMPILER_FLAGS=  -O2 -c" "EXTRA_COMPILER_FLAGS=-mcpu=cortex-a9 -mfpu=vfpv3 -mfloat-abi=hard -nostartfiles -g -Wall -Wextra"
"Running Make include in ps7_cortexa9_0/libsrc/coresightps_dcc_v1_4/src"
make -C ps7_cortexa9_0/libsrc/coresightps_dcc_v1_4/src -s include  "SHELL=CMD" "COMPILER=arm-none-eabi-gcc" "ARCHIVER=arm-none-eabi-ar" "COMPILER_FLAGS=  -O2 -c" "EXTRA_COMPILER_FLAGS=-mcpu=cortex-a9 -mfpu=vfpv3 -mfloat-abi=hard -nostartfiles -g -Wall -Wextra"
"Running Make include in ps7_cortexa9_0/libsrc/cpu_cortexa9_v2_6/src"
make -C ps7_cortexa9_0/libsrc/cpu_cortexa9_v2_6/src -s include  "SHELL=CMD" "COMPILER=arm-none-eabi-gcc" "ARCHIVER=arm-none-eabi-ar" "COMPILER_FLAGS=  -O2 -c" "EXTRA_COMPILER_FLAGS=-mcpu=cortex-a9 -mfpu=vfpv3 -mfloat-abi=hard -nostartfiles -g -Wall -Wextra"
"Running Make include in ps7_cortexa9_0/libsrc/ddrps_v1_0/src"
make -C ps7_cortexa9_0/libsrc/ddrps_v1_0/src -s include  "SHELL=CMD" "COMPILER=arm-none-eabi-gcc" "ARCHIVER=arm-none-eabi-ar" "COMPILER_FLAGS=  -O2 -c" "EXTRA_COMPILER_FLAGS=-mcpu=cortex-a9 -mfpu=vfpv3 -mfloat-abi=hard -nostartfiles -g -Wall -Wextra"
"Running Make include in ps7_cortexa9_0/libsrc/devcfg_v3_5/src"
make -C ps7_cortexa9_0/libsrc/devcfg_v3_5/src -s include  "SHELL=CMD" "COMPILER=arm-none-eabi-gcc" "ARCHIVER=arm-none-eabi-ar" "COMPILER_FLAGS=  -O2 -c" "EXTRA_COMPILER_FLAGS=-mcpu=cortex-a9 -mfpu=vfpv3 -mfloat-abi=hard -nostartfiles -g -Wall -Wextra"
"Running Make include in ps7_cortexa9_0/libsrc/dmaps_v2_3/src"
make -C ps7_cortexa9_0/libsrc/dmaps_v2_3/src -s include  "SHELL=CMD" "COMPILER=arm-none-eabi-gcc" "ARCHIVER=arm-none-eabi-ar" "COMPILER_FLAGS=  -O2 -c" "EXTRA_COMPILER_FLAGS=-mcpu=cortex-a9 -mfpu=vfpv3 -mfloat-abi=hard -nostartfiles -g -Wall -Wextra"
"Running Make include in ps7_cortexa9_0/libsrc/emacps_v3_7/src"
make -C ps7_cortexa9_0/libsrc/emacps_v3_7/src -s include  "SHELL=CMD" "COMPILER=arm-none-eabi-gcc" "ARCHIVER=arm-none-eabi-ar" "COMPILER_FLAGS=  -O2 -c" "EXTRA_COMPILER_FLAGS=-mcpu=cortex-a9 -mfpu=vfpv3 -mfloat-abi=hard -nostartfiles -g -Wall -Wextra"
"Running Make include in ps7_cortexa9_0/libsrc/gpiops_v3_3/src"
make -C ps7_cortexa9_0/libsrc/gpiops_v3_3/src -s include  "SHELL=CMD" "COMPILER=arm-none-eabi-gcc" "ARCHIVER=arm-none-eabi-ar" "COMPILER_FLAGS=  -O2 -c" "EXTRA_COMPILER_FLAGS=-mcpu=cortex-a9 -mfpu=vfpv3 -mfloat-abi=hard -nostartfiles -g -Wall -Wextra"
"Running Make include in ps7_cortexa9_0/libsrc/qspips_v3_4/src"
make -C ps7_cortexa9_0/libsrc/qspips_v3_4/src -s include  "SHELL=CMD" "COMPILER=arm-none-eabi-gcc" "ARCHIVER=arm-none-eabi-ar" "COMPILER_FLAGS=  -O2 -c" "EXTRA_COMPILER_FLAGS=-mcpu=cortex-a9 -mfpu=vfpv3 -mfloat-abi=hard -nostartfiles -g -Wall -Wextra"
"Running Make include in ps7_cortexa9_0/libsrc/scugic_v3_9/src"
make -C ps7_cortexa9_0/libsrc/scugic_v3_9/src -s include  "SHELL=CMD" "COMPILER=arm-none-eabi-gcc" "ARCHIVER=arm-none-eabi-ar" "COMPILER_FLAGS=  -O2 -c" "EXTRA_COMPILER_FLAGS=-mcpu=cortex-a9 -mfpu=vfpv3 -mfloat-abi=hard -nostartfiles -g -Wall -Wextra"
"Running Make include in ps7_cortexa9_0/libsrc/scutimer_v2_1/src"
make -C ps7_cortexa9_0/libsrc/scutimer_v2_1/src -s include  "SHELL=CMD" "COMPILER=arm-none-eabi-gcc" "ARCHIVER=arm-none-eabi-ar" "COMPILER_FLAGS=  -O2 -c" "EXTRA_COMPILER_FLAGS=-mcpu=cortex-a9 -mfpu=vfpv3 -mfloat-abi=hard -nostartfiles -g -Wall -Wextra"
"Running Make include in ps7_cortexa9_0/libsrc/scuwdt_v2_1/src"
make -C ps7_cortexa9_0/libsrc/scuwdt_v2_1/src -s include  "SHELL=CMD" "COMPILER=arm-none-eabi-gcc" "ARCHIVER=arm-none-eabi-ar" "COMPILER_FLAGS=  -O2 -c" "EXTRA_COMPILER_FLAGS=-mcpu=cortex-a9 -mfpu=vfpv3 -mfloat-abi=hard -nostartfiles -g -Wall -Wextra"
"Running Make include in ps7_cortexa9_0/libsrc/sdps_v3_5/src"
make -C ps7_cortexa9_0/libsrc/sdps_v3_5/src -s include  "SHELL=CMD" "COMPILER=arm-none-eabi-gcc" "ARCHIVER=arm-none-eabi-ar" "COMPILER_FLAGS=  -O2 -c" "EXTRA_COMPILER_FLAGS=-mcpu=cortex-a9 -mfpu=vfpv3 -mfloat-abi=hard -nostartfiles -g -Wall -Wextra"
"Running Make include in ps7_cortexa9_0/libsrc/standalone_v6_7/src"
make -C ps7_cortexa9_0/libsrc/standalone_v6_7/src -s include  "SHELL=CMD" "COMPILER=arm-none-eabi-gcc" "ARCHIVER=arm-none-eabi-ar" "COMPILER_FLAGS=  -O2 -c" "EXTRA_COMPILER_FLAGS=-mcpu=cortex-a9 -mfpu=vfpv3 -mfloat-abi=hard -nostartfiles -g -Wall -Wextra"
"Running Make include in ps7_cortexa9_0/libsrc/ttcps_v3_6/src"
make -C ps7_cortexa9_0/libsrc/ttcps_v3_6/src -s include  "SHELL=CMD" "COMPILER=arm-none-eabi-gcc" "ARCHIVER=arm-none-eabi-ar" "COMPILER_FLAGS=  -O2 -c" "EXTRA_COMPILER_FLAGS=-mcpu=cortex-a9 -mfpu=vfpv3 -mfloat-abi=hard -nostartfiles -g -Wall -Wextra"
"Running Make include in ps7_cortexa9_0/libsrc/uartps_v3_6/src"
make -C ps7_cortexa9_0/libsrc/uartps_v3_6/src -s include  "SHELL=CMD" "COMPILER=arm-none-eabi-gcc" "ARCHIVER=arm-none-eabi-ar" "COMPILER_FLAGS=  -O2 -c" "EXTRA_COMPILER_FLAGS=-mcpu=cortex-a9 -mfpu=vfpv3 -mfloat-abi=hard -nostartfiles -g -Wall -Wextra"
"Running Make include in ps7_cortexa9_0/libsrc/usbps_v2_4/src"
make -C ps7_cortexa9_0/libsrc/usbps_v2_4/src -s include  "SHELL=CMD" "COMPILER=arm-none-eabi-gcc" "ARCHIVER=arm-none-eabi-ar" "COMPILER_FLAGS=  -O2 -c" "EXTRA_COMPILER_FLAGS=-mcpu=cortex-a9 -mfpu=vfpv3 -mfloat-abi=hard -nostartfiles -g -Wall -Wextra"
"Running Make include in ps7_cortexa9_0/libsrc/xadcps_v2_2/src"
make -C ps7_cortexa9_0/libsrc/xadcps_v2_2/src -s include  "SHELL=CMD" "COMPILER=arm-none-eabi-gcc" "ARCHIVER=arm-none-eabi-ar" "COMPILER_FLAGS=  -O2 -c" "EXTRA_COMPILER_FLAGS=-mcpu=cortex-a9 -mfpu=vfpv3 -mfloat-abi=hard -nostartfiles -g -Wall -Wextra"
"Running Make libs in ps7_cortexa9_0/libsrc/axidma_v9_7/src"
make -C ps7_cortexa9_0/libsrc/axidma_v9_7/src -s libs  "SHELL=CMD" "COMPILER=arm-none-eabi-gcc" "ARCHIVER=arm-none-eabi-ar" "COMPILER_FLAGS=  -O2 -c" "EXTRA_COMPILER_FLAGS=-mcpu=cortex-a9 -mfpu=vfpv3 -mfloat-abi=hard -nostartfiles -g -Wall -Wextra"
"Compiling axidma"
arm-none-eabi-ar: creating ../../../lib/libxil.a
"Running Make libs in ps7_cortexa9_0/libsrc/coresightps_dcc_v1_4/src"
make -C ps7_cortexa9_0/libsrc/coresightps_dcc_v1_4/src -s libs  "SHELL=CMD" "COMPILER=arm-none-eabi-gcc" "ARCHIVER=arm-none-eabi-ar" "COMPILER_FLAGS=  -O2 -c" "EXTRA_COMPILER_FLAGS=-mcpu=cortex-a9 -mfpu=vfpv3 -mfloat-abi=hard -nostartfiles -g -Wall -Wextra"
"Compiling coresightps_dcc"
"Running Make libs in ps7_cortexa9_0/libsrc/cpu_cortexa9_v2_6/src"
make -C ps7_cortexa9_0/libsrc/cpu_cortexa9_v2_6/src -s libs  "SHELL=CMD" "COMPILER=arm-none-eabi-gcc" "ARCHIVER=arm-none-eabi-ar" "COMPILER_FLAGS=  -O2 -c" "EXTRA_COMPILER_FLAGS=-mcpu=cortex-a9 -mfpu=vfpv3 -mfloat-abi=hard -nostartfiles -g -Wall -Wextra"
"Compiling cpu_cortexa9"
"Running Make libs in ps7_cortexa9_0/libsrc/ddrps_v1_0/src"
make -C ps7_cortexa9_0/libsrc/ddrps_v1_0/src -s libs  "SHELL=CMD" "COMPILER=arm-none-eabi-gcc" "ARCHIVER=arm-none-eabi-ar" "COMPILER_FLAGS=  -O2 -c" "EXTRA_COMPILER_FLAGS=-mcpu=cortex-a9 -mfpu=vfpv3 -mfloat-abi=hard -nostartfiles -g -Wall -Wextra"
"Compiling ddrps"
"Running Make libs in ps7_cortexa9_0/libsrc/devcfg_v3_5/src"
make -C ps7_cortexa9_0/libsrc/devcfg_v3_5/src -s libs  "SHELL=CMD" "COMPILER=arm-none-eabi-gcc" "ARCHIVER=arm-none-eabi-ar" "COMPILER_FLAGS=  -O2 -c" "EXTRA_COMPILER_FLAGS=-mcpu=cortex-a9 -mfpu=vfpv3 -mfloat-abi=hard -nostartfiles -g -Wall -Wextra"
"Compiling devcfg"
"Running Make libs in ps7_cortexa9_0/libsrc/dmaps_v2_3/src"
make -C ps7_cortexa9_0/libsrc/dmaps_v2_3/src -s libs  "SHELL=CMD" "COMPILER=arm-none-eabi-gcc" "ARCHIVER=arm-none-eabi-ar" "COMPILER_FLAGS=  -O2 -c" "EXTRA_COMPILER_FLAGS=-mcpu=cortex-a9 -mfpu=vfpv3 -mfloat-abi=hard -nostartfiles -g -Wall -Wextra"
"Compiling dmaps"
"Running Make libs in ps7_cortexa9_0/libsrc/emacps_v3_7/src"
make -C ps7_cortexa9_0/libsrc/emacps_v3_7/src -s libs  "SHELL=CMD" "COMPILER=arm-none-eabi-gcc" "ARCHIVER=arm-none-eabi-ar" "COMPILER_FLAGS=  -O2 -c" "EXTRA_COMPILER_FLAGS=-mcpu=cortex-a9 -mfpu=vfpv3 -mfloat-abi=hard -nostartfiles -g -Wall -Wextra"
"Compiling emacps"
"Running Make libs in ps7_cortexa9_0/libsrc/gpiops_v3_3/src"
make -C ps7_cortexa9_0/libsrc/gpiops_v3_3/src -s libs  "SHELL=CMD" "COMPILER=arm-none-eabi-gcc" "ARCHIVER=arm-none-eabi-ar" "COMPILER_FLAGS=  -O2 -c" "EXTRA_COMPILER_FLAGS=-mcpu=cortex-a9 -mfpu=vfpv3 -mfloat-abi=hard -nostartfiles -g -Wall -Wextra"
"Compiling gpiops"
"Running Make libs in ps7_cortexa9_0/libsrc/qspips_v3_4/src"
make -C ps7_cortexa9_0/libsrc/qspips_v3_4/src -s libs  "SHELL=CMD" "COMPILER=arm-none-eabi-gcc" "ARCHIVER=arm-none-eabi-ar" "COMPILER_FLAGS=  -O2 -c" "EXTRA_COMPILER_FLAGS=-mcpu=cortex-a9 -mfpu=vfpv3 -mfloat-abi=hard -nostartfiles -g -Wall -Wextra"
"Compiling qspips"
"Running Make libs in ps7_cortexa9_0/libsrc/scugic_v3_9/src"
make -C ps7_cortexa9_0/libsrc/scugic_v3_9/src -s libs  "SHELL=CMD" "COMPILER=arm-none-eabi-gcc" "ARCHIVER=arm-none-eabi-ar" "COMPILER_FLAGS=  -O2 -c" "EXTRA_COMPILER_FLAGS=-mcpu=cortex-a9 -mfpu=vfpv3 -mfloat-abi=hard -nostartfiles -g -Wall -Wextra"
"Compiling scugic"
"Running Make libs in ps7_cortexa9_0/libsrc/scutimer_v2_1/src"
make -C ps7_cortexa9_0/libsrc/scutimer_v2_1/src -s libs  "SHELL=CMD" "COMPILER=arm-none-eabi-gcc" "ARCHIVER=arm-none-eabi-ar" "COMPILER_FLAGS=  -O2 -c" "EXTRA_COMPILER_FLAGS=-mcpu=cortex-a9 -mfpu=vfpv3 -mfloat-abi=hard -nostartfiles -g -Wall -Wextra"
"Compiling scutimer"
"Running Make libs in ps7_cortexa9_0/libsrc/scuwdt_v2_1/src"
make -C ps7_cortexa9_0/libsrc/scuwdt_v2_1/src -s libs  "SHELL=CMD" "COMPILER=arm-none-eabi-gcc" "ARCHIVER=arm-none-eabi-ar" "COMPILER_FLAGS=  -O2 -c" "EXTRA_COMPILER_FLAGS=-mcpu=cortex-a9 -mfpu=vfpv3 -mfloat-abi=hard -nostartfiles -g -Wall -Wextra"
"Compiling scuwdt"
"Running Make libs in ps7_cortexa9_0/libsrc/sdps_v3_5/src"
make -C ps7_cortexa9_0/libsrc/sdps_v3_5/src -s libs  "SHELL=CMD" "COMPILER=arm-none-eabi-gcc" "ARCHIVER=arm-none-eabi-ar" "COMPILER_FLAGS=  -O2 -c" "EXTRA_COMPILER_FLAGS=-mcpu=cortex-a9 -mfpu=vfpv3 -mfloat-abi=hard -nostartfiles -g -Wall -Wextra"
"Compiling sdps"
"Running Make libs in ps7_cortexa9_0/libsrc/standalone_v6_7/src"
make -C ps7_cortexa9_0/libsrc/standalone_v6_7/src -s libs  "SHELL=CMD" "COMPILER=arm-none-eabi-gcc" "ARCHIVER=arm-none-eabi-ar" "COMPILER_FLAGS=  -O2 -c" "EXTRA_COMPILER_FLAGS=-mcpu=cortex-a9 -mfpu=vfpv3 -mfloat-abi=hard -nostartfiles -g -Wall -Wextra"
"Compiling standalone"
In file included from sleep.c:57:0:
xtime_l.h:89:9: note: #pragma message: For the sleep routines, Global timer is being used
 #pragma message ("For the sleep routines, Global timer is being used")
         ^~~~~~~
In file included from usleep.c:60:0:
xtime_l.h:89:9: note: #pragma message: For the sleep routines, Global timer is being used
 #pragma message ("For the sleep routines, Global timer is being used")
         ^~~~~~~
In file included from xil_sleeptimer.c:55:0:
xtime_l.h:89:9: note: #pragma message: For the sleep routines, Global timer is being used
 #pragma message ("For the sleep routines, Global timer is being used")
         ^~~~~~~
In file included from xtime_l.c:53:0:
xtime_l.h:89:9: note: #pragma message: For the sleep routines, Global timer is being used
 #pragma message ("For the sleep routines, Global timer is being used")
         ^~~~~~~
"Running Make libs in ps7_cortexa9_0/libsrc/ttcps_v3_6/src"
make -C ps7_cortexa9_0/libsrc/ttcps_v3_6/src -s libs  "SHELL=CMD" "COMPILER=arm-none-eabi-gcc" "ARCHIVER=arm-none-eabi-ar" "COMPILER_FLAGS=  -O2 -c" "EXTRA_COMPILER_FLAGS=-mcpu=cortex-a9 -mfpu=vfpv3 -mfloat-abi=hard -nostartfiles -g -Wall -Wextra"
"Compiling ttcps"
"Running Make libs in ps7_cortexa9_0/libsrc/uartps_v3_6/src"
make -C ps7_cortexa9_0/libsrc/uartps_v3_6/src -s libs  "SHELL=CMD" "COMPILER=arm-none-eabi-gcc" "ARCHIVER=arm-none-eabi-ar" "COMPILER_FLAGS=  -O2 -c" "EXTRA_COMPILER_FLAGS=-mcpu=cortex-a9 -mfpu=vfpv3 -mfloat-abi=hard -nostartfiles -g -Wall -Wextra"
"Compiling uartps"
"Running Make libs in ps7_cortexa9_0/libsrc/usbps_v2_4/src"
make -C ps7_cortexa9_0/libsrc/usbps_v2_4/src -s libs  "SHELL=CMD" "COMPILER=arm-none-eabi-gcc" "ARCHIVER=arm-none-eabi-ar" "COMPILER_FLAGS=  -O2 -c" "EXTRA_COMPILER_FLAGS=-mcpu=cortex-a9 -mfpu=vfpv3 -mfloat-abi=hard -nostartfiles -g -Wall -Wextra"
"Compiling usbps"
"Running Make libs in ps7_cortexa9_0/libsrc/xadcps_v2_2/src"
make -C ps7_cortexa9_0/libsrc/xadcps_v2_2/src -s libs  "SHELL=CMD" "COMPILER=arm-none-eabi-gcc" "ARCHIVER=arm-none-eabi-ar" "COMPILER_FLAGS=  -O2 -c" "EXTRA_COMPILER_FLAGS=-mcpu=cortex-a9 -mfpu=vfpv3 -mfloat-abi=hard -nostartfiles -g -Wall -Wextra"
"Compiling xadcps"
'Finished building libraries'
02:27:01 **** Build of configuration Debug for project nnTest ****
make pre-build main-build 
a9-linaro-pre-build-step
' '
'Building file: ../src/nnTest.c'
'Invoking: ARM v7 gcc compiler'
arm-none-eabi-gcc -Wall -O0 -g3 -c -fmessage-length=0 -MT"src/nnTest.o" -mcpu=cortex-a9 -mfpu=vfpv3 -mfloat-abi=hard -I../../nnTest_bsp/ps7_cortexa9_0/include -MMD -MP -MF"src/nnTest.d" -MT"src/nnTest.o" -o "src/nnTest.o" "../src/nnTest.c"
'Finished building: ../src/nnTest.c'
' '
'Building file: ../src/platform.c'
'Invoking: ARM v7 gcc compiler'
arm-none-eabi-gcc -Wall -O0 -g3 -c -fmessage-length=0 -MT"src/platform.o" -mcpu=cortex-a9 -mfpu=vfpv3 -mfloat-abi=hard -I../../nnTest_bsp/ps7_cortexa9_0/include -MMD -MP -MF"src/platform.d" -MT"src/platform.o" -o "src/platform.o" "../src/platform.c"
'Finished building: ../src/platform.c'
' '
'Building target: nnTest.elf'
'Invoking: ARM v7 gcc linker'
arm-none-eabi-gcc -mcpu=cortex-a9 -mfpu=vfpv3 -mfloat-abi=hard -Wl,-build-id=none -specs=Xilinx.spec -Wl,-T -Wl,../src/lscript.ld -L../../nnTest_bsp/ps7_cortexa9_0/lib -o "nnTest.elf"  ./src/nnTest.o ./src/platform.o   -Wl,--start-group,-lxil,-lgcc,-lc,--end-group
'Finished building target: nnTest.elf'
' '
'Invoking: ARM v7 Print Size'
arm-none-eabi-size nnTest.elf  |tee "nnTest.elf.size"
   text	   data	    bss	    dec	    hex	filename
  19352	   1144	  22568	  43064	   a838	nnTest.elf
'Finished building: nnTest.elf.size'
' '
02:29:34 **** Auto Build of configuration Debug for project nnTest ****
make pre-build main-build 
a9-linaro-pre-build-step
' '
make: Nothing to be done for `main-build'.
02:29:41 **** Auto Build of configuration Debug for project nnTest ****
make pre-build main-build 
a9-linaro-pre-build-step
' '
'Building file: ../src/nnTest.c'
'Invoking: ARM v7 gcc compiler'
arm-none-eabi-gcc -Wall -O0 -g3 -c -fmessage-length=0 -MT"src/nnTest.o" -mcpu=cortex-a9 -mfpu=vfpv3 -mfloat-abi=hard -I../../nnTest_bsp/ps7_cortexa9_0/include -MMD -MP -MF"src/nnTest.d" -MT"src/nnTest.o" -o "src/nnTest.o" "../src/nnTest.c"
../src/nnTest.c: In function 'main':
../src/nnTest.c:43:47: error: 'XPAR_FABRIC_ZYNET_0_INTR_INTR' undeclared (first use in this function); did you mean 'XPAR_FABRIC_MLP_OLED_0_INTR_INTR'?
  XScuGic_SetPriorityTriggerType(&IntcInstance,XPAR_FABRIC_ZYNET_0_INTR_INTR,0xA0,3);
                                               ^~~~~~~~~~~~~~~~~~~~~~~~~~~~~
                                               XPAR_FABRIC_MLP_OLED_0_INTR_INTR
../src/nnTest.c:43:47: note: each undeclared identifier is reported only once for each function it appears in
../src/nnTest.c:62:27: error: 'XPAR_ZYNET_0_BASEADDR' undeclared (first use in this function); did you mean 'XPAR_XDCFG_0_BASEADDR'?
  detectedDigit = Xil_In32(XPAR_ZYNET_0_BASEADDR+8);
                           ^~~~~~~~~~~~~~~~~~~~~
                           XPAR_XDCFG_0_BASEADDR
../src/nnTest.c: In function 'nnISR':
../src/nnTest.c:71:11: error: 'XPAR_ZYNET_0_BASEADDR' undeclared (first use in this function); did you mean 'XPAR_XDCFG_0_BASEADDR'?
  Xil_In32(XPAR_ZYNET_0_BASEADDR+24); //read clear interrupt
           ^~~~~~~~~~~~~~~~~~~~~
           XPAR_XDCFG_0_BASEADDR
make: *** [src/nnTest.o] Error 1
02:29:53 **** Auto Build of configuration Debug for project nnTest ****
make pre-build main-build 
a9-linaro-pre-build-step
' '
'Building file: ../src/nnTest.c'
'Invoking: ARM v7 gcc compiler'
arm-none-eabi-gcc -Wall -O0 -g3 -c -fmessage-length=0 -MT"src/nnTest.o" -mcpu=cortex-a9 -mfpu=vfpv3 -mfloat-abi=hard -I../../nnTest_bsp/ps7_cortexa9_0/include -MMD -MP -MF"src/nnTest.d" -MT"src/nnTest.o" -o "src/nnTest.o" "../src/nnTest.c"
../src/nnTest.c: In function 'main':
../src/nnTest.c:43:47: error: 'XPAR_FABRIC_ZYNET_0_INTR_INTR' undeclared (first use in this function); did you mean 'XPAR_FABRIC_MLP_OLED_0_INTR_INTR'?
  XScuGic_SetPriorityTriggerType(&IntcInstance,XPAR_FABRIC_ZYNET_0_INTR_INTR,0xA0,3);
                                               ^~~~~~~~~~~~~~~~~~~~~~~~~~~~~
                                               XPAR_FABRIC_MLP_OLED_0_INTR_INTR
../src/nnTest.c:43:47: note: each undeclared identifier is reported only once for each function it appears in
../src/nnTest.c:62:27: error: 'XPAR_ZYNET_0_BASEADDR' undeclared (first use in this function); did you mean 'XPAR_XDCFG_0_BASEADDR'?
  detectedDigit = Xil_In32(XPAR_ZYNET_0_BASEADDR+8);
                           ^~~~~~~~~~~~~~~~~~~~~
                           XPAR_XDCFG_0_BASEADDR
../src/nnTest.c: In function 'nnISR':
../src/nnTest.c:71:11: error: 'XPAR_ZYNET_0_BASEADDR' undeclared (first use in this function); did you mean 'XPAR_XDCFG_0_BASEADDR'?
  Xil_In32(XPAR_ZYNET_0_BASEADDR+24); //read clear interrupt
           ^~~~~~~~~~~~~~~~~~~~~
           XPAR_XDCFG_0_BASEADDR
make: *** [src/nnTest.o] Error 1
02:30:31 **** Auto Build of configuration Debug for project nnTest ****
make pre-build main-build 
a9-linaro-pre-build-step
' '
'Building file: ../src/nnTest.c'
'Invoking: ARM v7 gcc compiler'
arm-none-eabi-gcc -Wall -O0 -g3 -c -fmessage-length=0 -MT"src/nnTest.o" -mcpu=cortex-a9 -mfpu=vfpv3 -mfloat-abi=hard -I../../nnTest_bsp/ps7_cortexa9_0/include -MMD -MP -MF"src/nnTest.d" -MT"src/nnTest.o" -o "src/nnTest.o" "../src/nnTest.c"
../src/nnTest.c: In function 'main':
../src/nnTest.c:44:41: error: 'XPAR_FABRIC_ZYNET_0_INTR_INTR' undeclared (first use in this function); did you mean 'XPAR_FABRIC_MLP_OLED_0_INTR_INTR'?
  status = XScuGic_Connect(&IntcInstance,XPAR_FABRIC_ZYNET_0_INTR_INTR,(Xil_InterruptHandler)nnISR,0);
                                         ^~~~~~~~~~~~~~~~~~~~~~~~~~~~~
                                         XPAR_FABRIC_MLP_OLED_0_INTR_INTR
../src/nnTest.c:44:41: note: each undeclared identifier is reported only once for each function it appears in
../src/nnTest.c:62:27: error: 'XPAR_ZYNET_0_BASEADDR' undeclared (first use in this function); did you mean 'XPAR_XDCFG_0_BASEADDR'?
  detectedDigit = Xil_In32(XPAR_ZYNET_0_BASEADDR+8);
                           ^~~~~~~~~~~~~~~~~~~~~
                           XPAR_XDCFG_0_BASEADDR
../src/nnTest.c: In function 'nnISR':
../src/nnTest.c:71:11: error: 'XPAR_ZYNET_0_BASEADDR' undeclared (first use in this function); did you mean 'XPAR_XDCFG_0_BASEADDR'?
  Xil_In32(XPAR_ZYNET_0_BASEADDR+24); //read clear interrupt
           ^~~~~~~~~~~~~~~~~~~~~
           XPAR_XDCFG_0_BASEADDR
make: *** [src/nnTest.o] Error 1
02:30:38 **** Auto Build of configuration Debug for project nnTest ****
make pre-build main-build 
a9-linaro-pre-build-step
' '
'Building file: ../src/nnTest.c'
'Invoking: ARM v7 gcc compiler'
arm-none-eabi-gcc -Wall -O0 -g3 -c -fmessage-length=0 -MT"src/nnTest.o" -mcpu=cortex-a9 -mfpu=vfpv3 -mfloat-abi=hard -I../../nnTest_bsp/ps7_cortexa9_0/include -MMD -MP -MF"src/nnTest.d" -MT"src/nnTest.o" -o "src/nnTest.o" "../src/nnTest.c"
../src/nnTest.c: In function 'main':
../src/nnTest.c:49:31: error: 'XPAR_FABRIC_ZYNET_0_INTR_INTR' undeclared (first use in this function); did you mean 'XPAR_FABRIC_MLP_OLED_0_INTR_INTR'?
  XScuGic_Enable(&IntcInstance,XPAR_FABRIC_ZYNET_0_INTR_INTR);
                               ^~~~~~~~~~~~~~~~~~~~~~~~~~~~~
                               XPAR_FABRIC_MLP_OLED_0_INTR_INTR
../src/nnTest.c:49:31: note: each undeclared identifier is reported only once for each function it appears in
../src/nnTest.c:62:27: error: 'XPAR_ZYNET_0_BASEADDR' undeclared (first use in this function); did you mean 'XPAR_XDCFG_0_BASEADDR'?
  detectedDigit = Xil_In32(XPAR_ZYNET_0_BASEADDR+8);
                           ^~~~~~~~~~~~~~~~~~~~~
                           XPAR_XDCFG_0_BASEADDR
../src/nnTest.c: In function 'nnISR':
../src/nnTest.c:71:11: error: 'XPAR_ZYNET_0_BASEADDR' undeclared (first use in this function); did you mean 'XPAR_XDCFG_0_BASEADDR'?
  Xil_In32(XPAR_ZYNET_0_BASEADDR+24); //read clear interrupt
           ^~~~~~~~~~~~~~~~~~~~~
           XPAR_XDCFG_0_BASEADDR
make: *** [src/nnTest.o] Error 1
02:30:44 **** Auto Build of configuration Debug for project nnTest ****
make pre-build main-build 
a9-linaro-pre-build-step
' '
'Building file: ../src/nnTest.c'
'Invoking: ARM v7 gcc compiler'
arm-none-eabi-gcc -Wall -O0 -g3 -c -fmessage-length=0 -MT"src/nnTest.o" -mcpu=cortex-a9 -mfpu=vfpv3 -mfloat-abi=hard -I../../nnTest_bsp/ps7_cortexa9_0/include -MMD -MP -MF"src/nnTest.d" -MT"src/nnTest.o" -o "src/nnTest.o" "../src/nnTest.c"
../src/nnTest.c: In function 'main':
../src/nnTest.c:62:27: error: 'XPAR_ZYNET_0_BASEADDR' undeclared (first use in this function); did you mean 'XPAR_XDCFG_0_BASEADDR'?
  detectedDigit = Xil_In32(XPAR_ZYNET_0_BASEADDR+8);
                           ^~~~~~~~~~~~~~~~~~~~~
                           XPAR_XDCFG_0_BASEADDR
../src/nnTest.c:62:27: note: each undeclared identifier is reported only once for each function it appears in
../src/nnTest.c: In function 'nnISR':
../src/nnTest.c:71:11: error: 'XPAR_ZYNET_0_BASEADDR' undeclared (first use in this function); did you mean 'XPAR_XDCFG_0_BASEADDR'?
  Xil_In32(XPAR_ZYNET_0_BASEADDR+24); //read clear interrupt
           ^~~~~~~~~~~~~~~~~~~~~
           XPAR_XDCFG_0_BASEADDR
make: *** [src/nnTest.o] Error 1
02:31:50 **** Auto Build of configuration Debug for project nnTest ****
make pre-build main-build 
a9-linaro-pre-build-step
' '
'Building file: ../src/nnTest.c'
'Invoking: ARM v7 gcc compiler'
arm-none-eabi-gcc -Wall -O0 -g3 -c -fmessage-length=0 -MT"src/nnTest.o" -mcpu=cortex-a9 -mfpu=vfpv3 -mfloat-abi=hard -I../../nnTest_bsp/ps7_cortexa9_0/include -MMD -MP -MF"src/nnTest.d" -MT"src/nnTest.o" -o "src/nnTest.o" "../src/nnTest.c"
../src/nnTest.c: In function 'nnISR':
../src/nnTest.c:71:11: error: 'XPAR_ZYNET_0_BASEADDR' undeclared (first use in this function); did you mean 'XPAR_XDCFG_0_BASEADDR'?
  Xil_In32(XPAR_ZYNET_0_BASEADDR+24); //read clear interrupt
           ^~~~~~~~~~~~~~~~~~~~~
           XPAR_XDCFG_0_BASEADDR
../src/nnTest.c:71:11: note: each undeclared identifier is reported only once for each function it appears in
make: *** [src/nnTest.o] Error 1
02:31:58 **** Auto Build of configuration Debug for project nnTest ****
make pre-build main-build 
a9-linaro-pre-build-step
' '
'Building file: ../src/nnTest.c'
'Invoking: ARM v7 gcc compiler'
arm-none-eabi-gcc -Wall -O0 -g3 -c -fmessage-length=0 -MT"src/nnTest.o" -mcpu=cortex-a9 -mfpu=vfpv3 -mfloat-abi=hard -I../../nnTest_bsp/ps7_cortexa9_0/include -MMD -MP -MF"src/nnTest.d" -MT"src/nnTest.o" -o "src/nnTest.o" "../src/nnTest.c"
'Finished building: ../src/nnTest.c'
' '
'Building target: nnTest.elf'
'Invoking: ARM v7 gcc linker'
arm-none-eabi-gcc -mcpu=cortex-a9 -mfpu=vfpv3 -mfloat-abi=hard -Wl,-build-id=none -specs=Xilinx.spec -Wl,-T -Wl,../src/lscript.ld -L../../nnTest_bsp/ps7_cortexa9_0/lib -o "nnTest.elf"  ./src/nnTest.o ./src/platform.o   -Wl,--start-group,-lxil,-lgcc,-lc,--end-group
'Finished building target: nnTest.elf'
' '
'Invoking: ARM v7 Print Size'
arm-none-eabi-size nnTest.elf  |tee "nnTest.elf.size"
   text	   data	    bss	    dec	    hex	filename
  38136	   4624	  24536	  67296	  106e0	nnTest.elf
'Finished building: nnTest.elf.size'
' '
02:33:20 **** Incremental Build of configuration Debug for project nnTest ****
make pre-build main-build 
a9-linaro-pre-build-step
' '
make: Nothing to be done for `main-build'.
02:34:24 **** Auto Build of configuration Debug for project nnTest ****
make pre-build main-build 
a9-linaro-pre-build-step
' '
'Building file: ../src/nnTest.c'
'Invoking: ARM v7 gcc compiler'
arm-none-eabi-gcc -Wall -O0 -g3 -c -fmessage-length=0 -MT"src/nnTest.o" -mcpu=cortex-a9 -mfpu=vfpv3 -mfloat-abi=hard -I../../nnTest_bsp/ps7_cortexa9_0/include -MMD -MP -MF"src/nnTest.d" -MT"src/nnTest.o" -o "src/nnTest.o" "../src/nnTest.c"
'Finished building: ../src/nnTest.c'
' '
'Building target: nnTest.elf'
'Invoking: ARM v7 gcc linker'
arm-none-eabi-gcc -mcpu=cortex-a9 -mfpu=vfpv3 -mfloat-abi=hard -Wl,-build-id=none -specs=Xilinx.spec -Wl,-T -Wl,../src/lscript.ld -L../../nnTest_bsp/ps7_cortexa9_0/lib -o "nnTest.elf"  ./src/nnTest.o ./src/platform.o   -Wl,--start-group,-lxil,-lgcc,-lc,--end-group
'Finished building target: nnTest.elf'
' '
'Invoking: ARM v7 Print Size'
arm-none-eabi-size nnTest.elf  |tee "nnTest.elf.size"
   text	   data	    bss	    dec	    hex	filename
  38136	   4624	  24536	  67296	  106e0	nnTest.elf
'Finished building: nnTest.elf.size'
' '
02:34:30 **** Incremental Build of configuration Debug for project nnTest ****
make pre-build main-build 
a9-linaro-pre-build-step
' '
make: Nothing to be done for `main-build'.
02:34:40 **** Incremental Build of configuration Debug for project nnTest ****
make pre-build main-build 
a9-linaro-pre-build-step
' '
make: Nothing to be done for `main-build'.
02:35:40 **** Auto Build of configuration Debug for project nnTest ****
make pre-build main-build 
a9-linaro-pre-build-step
' '
'Building file: ../src/nnTest.c'
'Invoking: ARM v7 gcc compiler'
arm-none-eabi-gcc -Wall -O0 -g3 -c -fmessage-length=0 -MT"src/nnTest.o" -mcpu=cortex-a9 -mfpu=vfpv3 -mfloat-abi=hard -I../../nnTest_bsp/ps7_cortexa9_0/include -MMD -MP -MF"src/nnTest.d" -MT"src/nnTest.o" -o "src/nnTest.o" "../src/nnTest.c"
'Finished building: ../src/nnTest.c'
' '
'Building target: nnTest.elf'
'Invoking: ARM v7 gcc linker'
arm-none-eabi-gcc -mcpu=cortex-a9 -mfpu=vfpv3 -mfloat-abi=hard -Wl,-build-id=none -specs=Xilinx.spec -Wl,-T -Wl,../src/lscript.ld -L../../nnTest_bsp/ps7_cortexa9_0/lib -o "nnTest.elf"  ./src/nnTest.o ./src/platform.o   -Wl,--start-group,-lxil,-lgcc,-lc,--end-group
'Finished building target: nnTest.elf'
' '
'Invoking: ARM v7 Print Size'
arm-none-eabi-size nnTest.elf  |tee "nnTest.elf.size"
   text	   data	    bss	    dec	    hex	filename
  38136	   4624	  24536	  67296	  106e0	nnTest.elf
'Finished building: nnTest.elf.size'
' '
02:35:45 **** Incremental Build of configuration Debug for project nnTest ****
make pre-build main-build 
a9-linaro-pre-build-step
' '
make: Nothing to be done for `main-build'.
02:36:58 **** Auto Build of configuration Debug for project nnTest ****
make pre-build main-build 
a9-linaro-pre-build-step
' '
'Building file: ../src/nnTest.c'
'Invoking: ARM v7 gcc compiler'
arm-none-eabi-gcc -Wall -O0 -g3 -c -fmessage-length=0 -MT"src/nnTest.o" -mcpu=cortex-a9 -mfpu=vfpv3 -mfloat-abi=hard -I../../nnTest_bsp/ps7_cortexa9_0/include -MMD -MP -MF"src/nnTest.d" -MT"src/nnTest.o" -o "src/nnTest.o" "../src/nnTest.c"
'Finished building: ../src/nnTest.c'
' '
'Building target: nnTest.elf'
'Invoking: ARM v7 gcc linker'
arm-none-eabi-gcc -mcpu=cortex-a9 -mfpu=vfpv3 -mfloat-abi=hard -Wl,-build-id=none -specs=Xilinx.spec -Wl,-T -Wl,../src/lscript.ld -L../../nnTest_bsp/ps7_cortexa9_0/lib -o "nnTest.elf"  ./src/nnTest.o ./src/platform.o   -Wl,--start-group,-lxil,-lgcc,-lc,--end-group
'Finished building target: nnTest.elf'
' '
'Invoking: ARM v7 Print Size'
arm-none-eabi-size nnTest.elf  |tee "nnTest.elf.size"
   text	   data	    bss	    dec	    hex	filename
  38140	   4624	  24536	  67300	  106e4	nnTest.elf
'Finished building: nnTest.elf.size'
' '
02:37:18 **** Incremental Build of configuration Debug for project nnTest ****
make pre-build main-build 
a9-linaro-pre-build-step
' '
make: Nothing to be done for `main-build'.
02:38:03 **** Incremental Build of configuration Debug for project nnTest ****
make pre-build main-build 
a9-linaro-pre-build-step
' '
make: Nothing to be done for `main-build'.
02:38:14 **** Auto Build of configuration Debug for project nnTest ****
make pre-build main-build 
a9-linaro-pre-build-step
' '
'Building file: ../src/nnTest.c'
'Invoking: ARM v7 gcc compiler'
arm-none-eabi-gcc -Wall -O0 -g3 -c -fmessage-length=0 -MT"src/nnTest.o" -mcpu=cortex-a9 -mfpu=vfpv3 -mfloat-abi=hard -I../../nnTest_bsp/ps7_cortexa9_0/include -MMD -MP -MF"src/nnTest.d" -MT"src/nnTest.o" -o "src/nnTest.o" "../src/nnTest.c"
'Finished building: ../src/nnTest.c'
' '
'Building target: nnTest.elf'
'Invoking: ARM v7 gcc linker'
arm-none-eabi-gcc -mcpu=cortex-a9 -mfpu=vfpv3 -mfloat-abi=hard -Wl,-build-id=none -specs=Xilinx.spec -Wl,-T -Wl,../src/lscript.ld -L../../nnTest_bsp/ps7_cortexa9_0/lib -o "nnTest.elf"  ./src/nnTest.o ./src/platform.o   -Wl,--start-group,-lxil,-lgcc,-lc,--end-group
'Finished building target: nnTest.elf'
' '
'Invoking: ARM v7 Print Size'
arm-none-eabi-size nnTest.elf  |tee "nnTest.elf.size"
   text	   data	    bss	    dec	    hex	filename
  38140	   4624	  24536	  67300	  106e4	nnTest.elf
'Finished building: nnTest.elf.size'
' '
02:38:18 **** Incremental Build of configuration Debug for project nnTest ****
make pre-build main-build 
a9-linaro-pre-build-step
' '
make: Nothing to be done for `main-build'.
02:40:12 **** Auto Build of configuration Debug for project nnTest ****
make pre-build main-build 
a9-linaro-pre-build-step
' '
'Building file: ../src/nnTest.c'
'Invoking: ARM v7 gcc compiler'
arm-none-eabi-gcc -Wall -O0 -g3 -c -fmessage-length=0 -MT"src/nnTest.o" -mcpu=cortex-a9 -mfpu=vfpv3 -mfloat-abi=hard -I../../nnTest_bsp/ps7_cortexa9_0/include -MMD -MP -MF"src/nnTest.d" -MT"src/nnTest.o" -o "src/nnTest.o" "../src/nnTest.c"
'Finished building: ../src/nnTest.c'
' '
'Building target: nnTest.elf'
'Invoking: ARM v7 gcc linker'
arm-none-eabi-gcc -mcpu=cortex-a9 -mfpu=vfpv3 -mfloat-abi=hard -Wl,-build-id=none -specs=Xilinx.spec -Wl,-T -Wl,../src/lscript.ld -L../../nnTest_bsp/ps7_cortexa9_0/lib -o "nnTest.elf"  ./src/nnTest.o ./src/platform.o   -Wl,--start-group,-lxil,-lgcc,-lc,--end-group
'Finished building target: nnTest.elf'
' '
'Invoking: ARM v7 Print Size'
arm-none-eabi-size nnTest.elf  |tee "nnTest.elf.size"
   text	   data	    bss	    dec	    hex	filename
  38140	   4624	  24536	  67300	  106e4	nnTest.elf
'Finished building: nnTest.elf.size'
' '
02:40:14 **** Incremental Build of configuration Debug for project nnTest ****
make pre-build main-build 
a9-linaro-pre-build-step
' '
make: Nothing to be done for `main-build'.
02:41:17 **** Incremental Build of configuration Debug for project nnTest ****
make pre-build main-build 
a9-linaro-pre-build-step
' '
'Building file: ../src/nnTest.c'
'Invoking: ARM v7 gcc compiler'
arm-none-eabi-gcc -Wall -O0 -g3 -c -fmessage-length=0 -MT"src/nnTest.o" -mcpu=cortex-a9 -mfpu=vfpv3 -mfloat-abi=hard -I../../nnTest_bsp/ps7_cortexa9_0/include -MMD -MP -MF"src/nnTest.d" -MT"src/nnTest.o" -o "src/nnTest.o" "../src/nnTest.c"
'Finished building: ../src/nnTest.c'
' '
'Building target: nnTest.elf'
'Invoking: ARM v7 gcc linker'
arm-none-eabi-gcc -mcpu=cortex-a9 -mfpu=vfpv3 -mfloat-abi=hard -Wl,-build-id=none -specs=Xilinx.spec -Wl,-T -Wl,../src/lscript.ld -L../../nnTest_bsp/ps7_cortexa9_0/lib -o "nnTest.elf"  ./src/nnTest.o ./src/platform.o   -Wl,--start-group,-lxil,-lgcc,-lc,--end-group
'Finished building target: nnTest.elf'
' '
'Invoking: ARM v7 Print Size'
arm-none-eabi-size nnTest.elf  |tee "nnTest.elf.size"
   text	   data	    bss	    dec	    hex	filename
  38140	   4624	  24536	  67300	  106e4	nnTest.elf
'Finished building: nnTest.elf.size'
' '
02:41:35 **** Incremental Build of configuration Debug for project nnTest ****
make pre-build main-build 
a9-linaro-pre-build-step
' '
make: Nothing to be done for `main-build'.
02:41:56 **** Incremental Build of configuration Debug for project nnTest ****
make pre-build main-build 
a9-linaro-pre-build-step
' '
'Building file: ../src/nnTest.c'
'Invoking: ARM v7 gcc compiler'
arm-none-eabi-gcc -Wall -O0 -g3 -c -fmessage-length=0 -MT"src/nnTest.o" -mcpu=cortex-a9 -mfpu=vfpv3 -mfloat-abi=hard -I../../nnTest_bsp/ps7_cortexa9_0/include -MMD -MP -MF"src/nnTest.d" -MT"src/nnTest.o" -o "src/nnTest.o" "../src/nnTest.c"
'Finished building: ../src/nnTest.c'
' '
'Building target: nnTest.elf'
'Invoking: ARM v7 gcc linker'
arm-none-eabi-gcc -mcpu=cortex-a9 -mfpu=vfpv3 -mfloat-abi=hard -Wl,-build-id=none -specs=Xilinx.spec -Wl,-T -Wl,../src/lscript.ld -L../../nnTest_bsp/ps7_cortexa9_0/lib -o "nnTest.elf"  ./src/nnTest.o ./src/platform.o   -Wl,--start-group,-lxil,-lgcc,-lc,--end-group
'Finished building target: nnTest.elf'
' '
'Invoking: ARM v7 Print Size'
arm-none-eabi-size nnTest.elf  |tee "nnTest.elf.size"
   text	   data	    bss	    dec	    hex	filename
  38140	   4624	  24536	  67300	  106e4	nnTest.elf
'Finished building: nnTest.elf.size'
' '
02:42:27 **** Auto Build of configuration Debug for project nnTest ****
make pre-build main-build 
a9-linaro-pre-build-step
' '
'Building file: ../src/nnTest.c'
'Invoking: ARM v7 gcc compiler'
arm-none-eabi-gcc -Wall -O0 -g3 -c -fmessage-length=0 -MT"src/nnTest.o" -mcpu=cortex-a9 -mfpu=vfpv3 -mfloat-abi=hard -I../../nnTest_bsp/ps7_cortexa9_0/include -MMD -MP -MF"src/nnTest.d" -MT"src/nnTest.o" -o "src/nnTest.o" "../src/nnTest.c"
'Finished building: ../src/nnTest.c'
' '
'Building target: nnTest.elf'
'Invoking: ARM v7 gcc linker'
arm-none-eabi-gcc -mcpu=cortex-a9 -mfpu=vfpv3 -mfloat-abi=hard -Wl,-build-id=none -specs=Xilinx.spec -Wl,-T -Wl,../src/lscript.ld -L../../nnTest_bsp/ps7_cortexa9_0/lib -o "nnTest.elf"  ./src/nnTest.o ./src/platform.o   -Wl,--start-group,-lxil,-lgcc,-lc,--end-group
'Finished building target: nnTest.elf'
' '
'Invoking: ARM v7 Print Size'
arm-none-eabi-size nnTest.elf  |tee "nnTest.elf.size"
   text	   data	    bss	    dec	    hex	filename
  38140	   4624	  24536	  67300	  106e4	nnTest.elf
'Finished building: nnTest.elf.size'
' '
02:42:29 **** Incremental Build of configuration Debug for project nnTest ****
make pre-build main-build 
a9-linaro-pre-build-step
' '
make: Nothing to be done for `main-build'.
02:43:40 **** Incremental Build of configuration Debug for project nnTest ****
make pre-build main-build 
a9-linaro-pre-build-step
' '
make: Nothing to be done for `main-build'.
